// Jest Snapshot v1, https://goo.gl/fbAQLP

exports[`AnimalsList should render correctly 1`] = `
<div>
  <ul
    className="animals-list"
  >
    <li
      className="animals-list-li sm:w1/2 md:w-1/4"
    >
      <div
        className="card"
      >
        <div
          className="card-photo"
        >
          <img
            src="bear.svg"
          />
        </div>
        <div
          className="card-row"
        >
          <div
            className="card-title"
          >
            Users for Bear
          </div>
        </div>
        <div
          className="card-row"
        >
          <button
            className="button"
            onClick={[Function]}
          >
            See details
          </button>
        </div>
      </div>
    </li>
  </ul>
</div>
`;
