// Jest Snapshot v1, https://goo.gl/fbAQLP

exports[`Card should render correctly 1`] = `
<div
  className="card"
>
  <div
    className="card-photo"
  >
    <img
      alt="photo alt"
      src="somephoto.svg"
    />
  </div>
  <div
    className="card-row"
  >
    <div
      className="card-title"
    >
      title
    </div>
  </div>
  <div
    className="card-row"
  >
    <button
      className="button"
      onClick={[Function]}
    />
  </div>
</div>
`;
