// Jest Snapshot v1, https://goo.gl/fbAQLP

exports[`Table should render correctly 1`] = `
<div
  className="table-wrapper"
>
  <table
    className="table"
  >
    <thead
      className="table-thead"
    >
      <tr />
    </thead>
    <tbody
      className="table-tbody"
    />
  </table>
</div>
`;
